2025-03-26 22:12:19,260 - INFO - Starting preprocessing pipeline...
2025-03-26 22:12:19,263 - INFO - Processing FAQs dataset...
2025-03-26 22:12:19,381 - INFO - Processing column: question
2025-03-26 22:12:28,026 - INFO - Processing column: answer
2025-03-26 22:12:38,103 - INFO - Processing Complaints dataset...
2025-03-26 22:12:38,392 - INFO - Processing column: description
2025-03-26 22:12:52,482 - INFO - Processing Assistance dataset...
2025-03-26 22:12:52,692 - INFO - Processing column: query
2025-03-26 22:13:07,001 - INFO - Processing Fraud Reports dataset...
2025-03-26 22:13:07,306 - INFO - Processing column: description
2025-03-26 22:13:23,571 - INFO - Processing Transaction Details dataset...
2025-03-26 22:13:23,742 - INFO - Processing column: description
2025-03-26 22:13:35,124 - INFO - All datasets processed successfully!
2025-03-26 22:13:35,170 - INFO - Analyzing processed datasets...
2025-03-26 22:13:35,378 - INFO - 
FAQs - processed_question statistics:
2025-03-26 22:13:35,378 - INFO - mean: 22.99
2025-03-26 22:13:35,379 - INFO - median: 21.00
2025-03-26 22:13:35,379 - INFO - std: 8.17
2025-03-26 22:13:35,379 - INFO - 95th_percentile: 33.00
2025-03-26 22:13:35,379 - INFO - max: 33.00
2025-03-26 22:13:35,405 - INFO - 
FAQs - processed_answer statistics:
2025-03-26 22:13:35,406 - INFO - mean: 52.80
2025-03-26 22:13:35,406 - INFO - median: 52.00
2025-03-26 22:13:35,406 - INFO - std: 3.87
2025-03-26 22:13:35,407 - INFO - 95th_percentile: 59.00
2025-03-26 22:13:35,407 - INFO - max: 59.00
2025-03-26 22:13:35,905 - INFO - 
Complaints - processed_description statistics:
2025-03-26 22:13:35,906 - INFO - mean: 130.61
2025-03-26 22:13:35,906 - INFO - median: 134.00
2025-03-26 22:13:35,906 - INFO - std: 32.25
2025-03-26 22:13:35,906 - INFO - 95th_percentile: 177.00
2025-03-26 22:13:35,906 - INFO - max: 195.00
2025-03-26 22:13:36,273 - INFO - 
Assistance - processed_query statistics:
2025-03-26 22:13:36,274 - INFO - mean: 92.64
2025-03-26 22:13:36,274 - INFO - median: 94.00
2025-03-26 22:13:36,274 - INFO - std: 25.70
2025-03-26 22:13:36,274 - INFO - 95th_percentile: 131.00
2025-03-26 22:13:36,275 - INFO - max: 146.00
2025-03-26 22:13:36,724 - INFO - 
Fraud Reports - processed_description statistics:
2025-03-26 22:13:36,725 - INFO - mean: 130.48
2025-03-26 22:13:36,725 - INFO - median: 134.00
2025-03-26 22:13:36,725 - INFO - std: 32.21
2025-03-26 22:13:36,725 - INFO - 95th_percentile: 177.00
2025-03-26 22:13:36,726 - INFO - max: 196.00
2025-03-26 22:13:36,983 - INFO - 
Transactions - processed_description statistics:
2025-03-26 22:13:36,984 - INFO - mean: 31.03
2025-03-26 22:13:36,984 - INFO - median: 31.00
2025-03-26 22:13:36,984 - INFO - std: 8.92
2025-03-26 22:13:36,985 - INFO - 95th_percentile: 45.00
2025-03-26 22:13:36,985 - INFO - max: 49.00
