2025-03-26 22:18:06,924 - INFO - Initializing Banking BERT Model Training...
2025-03-26 22:18:07,258 - INFO - Preparing model for training...
2025-03-26 22:18:07,258 - INFO - Loading and preparing datasets...
2025-03-26 22:18:08,557 - INFO - Processing FAQs dataset...
2025-03-26 22:18:11,625 - INFO - Processing Complaints dataset...
2025-03-26 22:18:14,309 - INFO - Processing Assistance dataset...
2025-03-26 22:18:16,910 - INFO - Processing Fraud Reports dataset...
2025-03-26 22:18:20,476 - INFO - Starting training...
2025-03-26 22:18:20,477 - INFO - 
Epoch 1/5
2025-03-27 08:58:16,806 - INFO - Initializing Banking BERT Model Training...
2025-03-27 08:58:17,184 - INFO - Preparing model for training...
2025-03-27 08:58:17,188 - INFO - Loading and preparing datasets...
2025-03-27 08:58:18,883 - INFO - Processing FAQs dataset...
2025-03-27 08:58:22,840 - INFO - Processing Complaints dataset...
2025-03-27 08:58:26,303 - INFO - Processing Assistance dataset...
2025-03-27 08:58:29,562 - INFO - Processing Fraud Reports dataset...
2025-03-27 08:58:33,888 - INFO - Starting training...
2025-03-27 08:58:33,889 - INFO - 
Epoch 1/5
2025-03-27 11:59:05,211 - INFO - Initializing Banking BERT Model Training...
2025-03-27 11:59:05,766 - INFO - Preparing model for training...
2025-03-27 11:59:05,767 - INFO - Loading and preparing datasets...
2025-03-27 11:59:07,166 - INFO - Processing FAQs dataset...
2025-03-27 11:59:10,471 - INFO - Processing Complaints dataset...
2025-03-27 11:59:13,522 - INFO - Processing Assistance dataset...
2025-03-27 11:59:16,664 - INFO - Processing Fraud Reports dataset...
2025-03-27 11:59:20,620 - INFO - Starting training...
2025-03-27 11:59:20,620 - INFO - 
Epoch 1/5
